{
  "annotations": {
    "title": "Add comment to issue"
  },
  "description": "Add a comment to a specific issue in a GitHub repository.",
  "inputSchema": {
    "type": "object",
    "required": [
      "owner",
      "repo",
      "issue_number",
      "body"
    ],
    "properties": {
      "body": {
        "type": "string",
        "description": "Comment content"
      },
      "issue_number": {
        "type": "number",
        "description": "Issue number to comment on"
      },
      "owner": {
        "type": "string",
        "description": "Repository owner"
      },
      "repo": {
        "type": "string",
        "description": "Repository name"
      }
    }
  },
  "name": "add_issue_comment"
}