{
  "annotations": {
    "title": "Create and submit a pull request review without comments"
  },
  "description": "Create and submit a review for a pull request without review comments.",
  "inputSchema": {
    "type": "object",
    "required": [
      "owner",
      "repo",
      "pullNumber",
      "body",
      "event"
    ],
    "properties": {
      "body": {
        "type": "string",
        "description": "Review comment text"
      },
      "commitID": {
        "type": "string",
        "description": "SHA of commit to review"
      },
      "event": {
        "type": "string",
        "description": "Review action to perform",
        "enum": [
          "APPROVE",
          "REQUEST_CHANGES",
          "COMMENT"
        ]
      },
      "owner": {
        "type": "string",
        "description": "Repository owner"
      },
      "pullNumber": {
        "type": "number",
        "description": "Pull request number"
      },
      "repo": {
        "type": "string",
        "description": "Repository name"
      }
    }
  },
  "name": "create_and_submit_pull_request_review"
}