{
  "annotations": {
    "title": "Open new issue"
  },
  "description": "Create a new issue in a GitHub repository.",
  "inputSchema": {
    "required": [
      "owner",
      "repo",
      "title"
    ],
    "properties": {
      "assignees": {
        "type": "array",
        "description": "Usernames to assign to this issue",
        "items": {
          "type": "string"
        }
      },
      "body": {
        "type": "string",
        "description": "Issue body content"
      },
      "labels": {
        "type": "array",
        "description": "Labels to apply to this issue",
        "items": {
          "type": "string"
        }
      },
      "milestone": {
        "type": "number",
        "description": "Milestone number"
      },
      "owner": {
        "type": "string",
        "description": "Repository owner"
      },
      "repo": {
        "type": "string",
        "description": "Repository name"
      },
      "title": {
        "type": "string",
        "description": "Issue title"
      }
    }
  },
  "name": "create_issue"
}