{
  "annotations": {
    "title": "Delete the requester's latest pending pull request review"
  },
  "description": "Delete the requester's latest pending pull request review. Use this after the user decides not to submit a pending review, if you don't know if they already created one then check first.",
  "inputSchema": {
    "type": "object",
    "required": [
      "owner",
      "repo",
      "pullNumber"
    ],
    "properties": {
      "owner": {
        "type": "string",
        "description": "Repository owner"
      },
      "pullNumber": {
        "type": "number",
        "description": "Pull request number"
      },
      "repo": {
        "type": "string",
        "description": "Repository name"
      }
    }
  },
  "name": "delete_pending_pull_request_review"
}