{
  "annotations": {
    "readOnlyHint": true,
    "title": "Get pull request details"
  },
  "description": "Get details of a specific pull request in a GitHub repository.",
  "inputSchema": {
    "required": [
      "owner",
      "repo",
      "pullNumber"
    ],
    "properties": {
      "owner": {
        "type": "string",
        "description": "Repository owner"
      },
      "pullNumber": {
        "type": "number",
        "description": "Pull request number"
      },
      "repo": {
        "type": "string",
        "description": "Repository name"
      }
    }
  },
  "name": "get_pull_request"
}