{
  "annotations": {
    "readOnlyHint": true,
    "title": "Get issue details"
  },
  "description": "Get details of a specific issue in a GitHub repository.",
  "inputSchema": {
    "type": "object",
    "required": [
      "owner",
      "repo",
      "issue_number"
    ],
    "properties": {
      "issue_number": {
        "type": "number",
        "description": "The number of the issue"
      },
      "owner": {
        "type": "string",
        "description": "The owner of the repository"
      },
      "repo": {
        "type": "string",
        "description": "The name of the repository"
      }
    }
  },
  "name": "get_issue"
}