{
  "annotations": {
    "readOnlyHint": true,
    "title": "Get pull request files"
  },
  "description": "Get the files changed in a specific pull request.",
  "inputSchema": {
    "required": [
      "owner",
      "repo",
      "pullNumber"
    ],
    "properties": {
      "owner": {
        "type": "string",
        "description": "Repository owner"
      },
      "page": {
        "type": "number",
        "description": "Page number for pagination"
      },
      "perPage": {
        "type": "number",
        "description": "Items per page for pagination"
      },
      "pullNumber": {
        "type": "number",
        "description": "Pull request number"
      },
      "repo": {
        "type": "string",
        "description": "Repository name"
      }
    }
  },
  "name": "get_pull_request_files"
}