{
  "annotations": {
    "readOnlyHint": true,
    "title": "Get issue comments"
  },
  "description": "Get comments for a specific issue in a GitHub repository.",
  "inputSchema": {
    "type": "object",
    "required": [
      "owner",
      "repo",
      "issue_number"
    ],
    "properties": {
      "issue_number": {
        "type": "number",
        "description": "Issue number"
      },
      "owner": {
        "type": "string",
        "description": "Repository owner"
      },
      "page": {
        "type": "Number",
        "description": "Page number for pagination (min 1)",
        "minimum": 1
      },
      "perPage": {
        "type": "Number",
        "description": "Results per page for pagination (min 1, max 100)",
        "minimum": 1,
        "maximum": 100
      },
      "repo": {
        "type": "string",
        "description": "Repository name"
      }
    }
  },
  "name": "get_issue_comments"
}