{
  "annotations": {
    "title": "Get pull request diff"
  },
  "description": "Get the diff of a pull request.",
  "inputSchema": {
    "required": [
      "owner",
      "repo",
      "pullNumber"
    ],
    "properties": {
      "owner": {
        "type": "string",
        "description": "Repository owner"
      },
      "pullNumber": {
        "type": "number",
        "description": "Pull request number"
      },
      "repo": {
        "type": "string",
        "description": "Repository name"
      }
    }
  },
  "name": "get_pull_request_diff"
}