{
  "annotations": {
    "readOnlyHint": true,
    "title": "List issues"
  },
  "description": "List issues in a GitHub repository.",
  "inputSchema": {
    "required": [
      "owner",
      "repo"
    ],
    "properties": {
      "direction": {
        "type": "string",
        "description": "Sort direction",
        "enum": [
          "asc",
          "desc"
        ]
      },
      "labels": {
        "type": "array",
        "description": "Filter by labels",
        "items": {
          "type": "string"
        }
      },
      "owner": {
        "type": "string",
        "description": "Repository owner"
      },
      "page": {
        "type": "Number",
        "description": "Page number for pagination (min 1)",
        "minimum": 1
      },
      "perPage": {
        "type": "Number",
        "description": "Results per page for pagination (min 1, max 100)",
        "minimum": 1,
        "maximum": 100
      },
      "repo": {
        "type": "string",
        "description": "Repository name"
      },
      "since": {
        "type": "string",
        "description": "Filter by date (ISO 8601 timestamp)"
      },
      "sort": {
        "type": "string",
        "description": "Sort order",
        "enum": [
          "created",
          "updated",
          "comments"
        ]
      },
      "state": {
        "type": "string",
        "description": "Filter by state",
        "enum": [
          "open",
          "closed",
          "all"
        ]
      }
    }
  },
  "name": "list_issues"
}