{
  "annotations": {
    "readOnlyHint": true,
    "title": "Search code"
  },
  "description": "Search for code across GitHub repositories",
  "inputSchema": {
    "type": "object",
    "required": [
      "q"
    ],
    "properties": {
      "order": {
        "type": "string",
        "description": "Sort order",
        "enum": [
          "asc",
          "desc"
        ]
      },
      "page": {
        "type": "Number",
        "description": "Page number for pagination (min 1)",
        "minimum": 1
      },
      "perPage": {
        "type": "Number",
        "description": "Results per page for pagination (min 1, max 100)",
        "minimum": 1,
        "maximum": 100
      },
      "q": {
        "type": "string",
        "description": "Search query using GitHub code search syntax"
      },
      "sort": {
        "type": "string",
        "description": "Sort field ('indexed' only)"
      }
    }
  },
  "name": "search_code"
}