{
  "annotations": {
    "readOnlyHint": true,
    "title": "Search users"
  },
  "description": "Search for GitHub users exclusively",
  "inputSchema": {
    "required": [
      "query"
    ],
    "properties": {
      "order": {
        "type": "string",
        "description": "Sort order",
        "enum": [
          "asc",
          "desc"
        ]
      },
      "page": {
        "type": "Number",
        "description": "Page number for pagination (min 1)",
        "minimum": 1
      },
      "perPage": {
        "type": "Number",
        "description": "Results per page for pagination (min 1, max 100)",
        "minimum": 1,
        "maximum": 100
      },
      "query": {
        "type": "string",
        "description": "Search query using GitHub users search syntax scoped to type:user"
      },
      "sort": {
        "type": "string",
        "description": "Sort field by category",
        "enum": [
          "followers",
          "repositories",
          "joined"
        ]
      }
    }
  },
  "name": "search_users"
}