{
  "annotations": {
    "readOnlyHint": true,
    "title": "Search repositories"
  },
  "description": "Search for GitHub repositories",
  "inputSchema": {
    "type": "object",
    "required": [
      "query"
    ],
    "properties": {
      "page": {
        "type": "Number",
        "description": "Page number for pagination (min 1)",
        "minimum": 1
      },
      "perPage": {
        "type": "Number",
        "description": "Results per page for pagination (min 1, max 100)",
        "minimum": 1,
        "maximum": 100
      },
      "query": {
        "type": "string",
        "description": "Search query"
      }
    }
  },
  "name": "search_repositories"
}