{
  "annotations": {
    "title": "Submit the requester's latest pending pull request review"
  },
  "description": "Submit the requester's latest pending pull request review, normally this is a final step after creating a pending review, adding comments first, unless you know that the user already did the first two steps, you should check before calling this.",
  "inputSchema": {
    "required": [
      "owner",
      "repo",
      "pullNumber",
      "event"
    ],
    "properties": {
      "body": {
        "type": "string",
        "description": "The text of the review comment, optional, if not provided, no body will be set."
      },
      "event": {
        "type": "string",
        "description": "The event to perform",
        "enum": [
          "APPROVE",
          "REQUEST_CHANGES",
          "COMMENT"
        ]
      },
      "owner": {
        "type": "string",
        "description": "Repository owner"
      },
      "pullNumber": {
        "type": "number",
        "description": "Pull request number"
      },
      "repo": {
        "type": "string",
        "description": "Repository name"
      }
    }
  },
  "name": "submit_pending_pull_request_review"
}