{
  "annotations": {
    "title": "Edit issue"
  },
  "description": "Update an existing issue in a GitHub repository.",
  "inputSchema": {
    "required": [
      "owner",
      "repo",
      "issue_number"
    ],
    "properties": {
      "assignees": {
        "type": "array",
        "description": "New assignees",
        "items": {
          "type": "string"
        }
      },
      "body": {
        "type": "string",
        "description": "New description"
      },
      "issue_number": {
        "type": "number",
        "description": "Issue number to update"
      },
      "labels": {
        "type": "array",
        "description": "New labels",
        "items": {
          "type": "string"
        }
      },
      "milestone": {
        "type": "number",
        "description": "New milestone number"
      },
      "owner": {
        "type": "string",
        "description": "Repository owner"
      },
      "repo": {
        "type": "string",
        "description": "Repository name"
      },
      "state": {
        "type": "string",
        "description": "New state",
        "enum": [
          "open",
          "closed"
        ]
      },
      "title": {
        "type": "string",
        "description": "New title"
      }
    }
  },
  "name": "update_issue"
}